src/App.tsx(6,27): error TS2305: Module '"./hooks/useBraille"' has no exported member 'BrailleTable'.
src/App.tsx(6,27): error TS6133: 'BrailleTable' is declared but its value is never read.
src/App.tsx(6,46): error TS2305: Module '"./hooks/useBraille"' has no exported member 'MathCode'.
src/App.tsx(6,46): error TS6133: 'MathCode' is declared but its value is never read.
src/App.tsx(100,15): error TS2304: Cannot find name 'currentText'.
src/App.tsx(100,28): error TS2552: Cannot find name 'brailleTable'. Did you mean 'BrailleTable'?
src/App.tsx(100,42): error TS2552: Cannot find name 'mathCode'. Did you mean 'MathCode'?
src/App.tsx(100,42): error TS2554: Expected 1-2 arguments, but got 3.
src/App.tsx(101,7): error TS2304: Cannot find name 'currentText'.
src/App.tsx(101,20): error TS2552: Cannot find name 'brailleTable'. Did you mean 'BrailleTable'?
src/App.tsx(101,34): error TS2552: Cannot find name 'mathCode'. Did you mean 'MathCode'?
src/hooks/useBraille.ts(98,50): error TS18004: No value exists in scope for the shorthand property 'mathCode'. Either declare one or provide an initializer.
src/workers/braille.worker.ts(59,7): error TS6133: 'CHUNK_THRESHOLD' is declared but its value is never read.
src/workers/braille.worker.ts(71,10): error TS2393: Duplicate function implementation.
src/workers/braille.worker.ts(248,16): error TS6133: 'translateDocumentWithMath' is declared but its value is never read.
src/workers/braille.worker.ts(288,10): error TS2393: Duplicate function implementation.
src/workers/braille.worker.ts(315,42): error TS6133: 'mathCode' is declared but its value is never read.
